====================================
🧪  GLOBAL MINISHELL LEAK TESTER
====================================

------------------------------------
💬 Test: echo salut
------------------------------------
valgrind: ./minishell: No such file or directory
✅ Aucun leak détecté

------------------------------------
💬 Test: echo -n salut
------------------------------------
valgrind: ./minishell: No such file or directory
✅ Aucun leak détecté

------------------------------------
💬 Test: echo -n -n 42
------------------------------------
valgrind: ./minishell: No such file or directory
✅ Aucun leak détecté

------------------------------------
💬 Test: echo "bonjour 42"
------------------------------------
valgrind: ./minishell: No such file or directory
✅ Aucun leak détecté

------------------------------------
💬 Test: echo $USER
------------------------------------
valgrind: ./minishell: No such file or directory
✅ Aucun leak détecté

------------------------------------
💬 Test: echo $?
------------------------------------
valgrind: ./minishell: No such file or directory
✅ Aucun leak détecté

------------------------------------
💬 Test: echo ''
------------------------------------
valgrind: ./minishell: No such file or directory
✅ Aucun leak détecté

------------------------------------
💬 Test: env
------------------------------------
valgrind: ./minishell: No such file or directory
✅ Aucun leak détecté

------------------------------------
💬 Test: export TEST=oui && echo $TEST
------------------------------------
valgrind: ./minishell: No such file or directory
✅ Aucun leak détecté

------------------------------------
💬 Test: unset TEST && echo $TEST
------------------------------------
valgrind: ./minishell: No such file or directory
✅ Aucun leak détecté

------------------------------------
💬 Test: echo coucou > file.txt
------------------------------------
valgrind: ./minishell: No such file or directory
✅ Aucun leak détecté

------------------------------------
💬 Test: cat < file.txt
------------------------------------
valgrind: ./minishell: No such file or directory
✅ Aucun leak détecté

------------------------------------
💬 Test: echo encore >> file.txt
------------------------------------
valgrind: ./minishell: No such file or directory
✅ Aucun leak détecté

------------------------------------
💬 Test: cat file.txt
------------------------------------
valgrind: ./minishell: No such file or directory
✅ Aucun leak détecté

------------------------------------
💬 Test: rm file.txt
------------------------------------
valgrind: ./minishell: No such file or directory
✅ Aucun leak détecté

------------------------------------
💬 Test: echo salut | cat
------------------------------------
valgrind: ./minishell: No such file or directory
✅ Aucun leak détecté

------------------------------------
💬 Test: echo salut | grep sal
------------------------------------
valgrind: ./minishell: No such file or directory
✅ Aucun leak détecté

------------------------------------
💬 Test: ls | wc -l
------------------------------------
valgrind: ./minishell: No such file or directory
✅ Aucun leak détecté

------------------------------------
💬 Test: ls | cat | cat | wc -l
------------------------------------
valgrind: ./minishell: No such file or directory
✅ Aucun leak détecté

------------------------------------
💬 Test: qsdfqsdf
------------------------------------
valgrind: ./minishell: No such file or directory
✅ Aucun leak détecté

------------------------------------
💬 Test: catttttt
------------------------------------
valgrind: ./minishell: No such file or directory
✅ Aucun leak détecté

------------------------------------
💬 Test: |
------------------------------------
valgrind: ./minishell: No such file or directory
✅ Aucun leak détecté

------------------------------------
💬 Test: "     "
------------------------------------
valgrind: ./minishell: No such file or directory
✅ Aucun leak détecté

------------------------------------
💬 Test: pwd
------------------------------------
valgrind: ./minishell: No such file or directory
✅ Aucun leak détecté

------------------------------------
💬 Test: cd .. && pwd
------------------------------------
valgrind: ./minishell: No such file or directory
✅ Aucun leak détecté

------------------------------------
💬 Test: cd -
------------------------------------
valgrind: ./minishell: No such file or directory
✅ Aucun leak détecté

------------------------------------
💬 Test: export TEST2=42
------------------------------------
valgrind: ./minishell: No such file or directory
✅ Aucun leak détecté

------------------------------------
💬 Test: unset TEST2
------------------------------------
valgrind: ./minishell: No such file or directory
✅ Aucun leak détecté

------------------------------------
💬 Test: exit
------------------------------------
valgrind: ./minishell: No such file or directory
✅ Aucun leak détecté

====================================
